../Core/Src/main.c:64:5:__io_putchar	16	static
../Core/Src/main.c:70:6:PWN_start	8	static
../Core/Src/main.c:77:6:PWN_stop	8	static
../Core/Src/main.c:84:6:HAL_GPIO_EXTI_Callback	16	static
../Core/Src/main.c:95:5:main	8	static
../Core/Src/main.c:151:6:SystemClock_Config	88	static
../Core/Src/main.c:198:13:MX_TIM1_Init	120	static
../Core/Src/main.c:284:13:MX_USART2_UART_Init	8	static
../Core/Src/main.c:332:13:MX_GPIO_Init	40	static
../Core/Src/main.c:374:6:HAL_UART_RxCpltCallback	16	static
../Core/Src/main.c:384:6:Error_Handler	4	static,ignoring_inline_asm
