../Core/Src/main.c:67:5:__io_putchar	16	static
../Core/Src/main.c:73:6:PWN_start	8	static
../Core/Src/main.c:80:6:PWN_stop	8	static
../Core/Src/main.c:87:6:HAL_GPIO_EXTI_Callback	16	static
../Core/Src/main.c:98:5:main	16	static
../Core/Src/main.c:167:6:SystemClock_Config	88	static
../Core/Src/main.c:214:13:MX_ADC2_Init	40	static
../Core/Src/main.c:273:13:MX_TIM1_Init	120	static
../Core/Src/main.c:359:13:MX_USART2_UART_Init	8	static
../Core/Src/main.c:407:13:MX_GPIO_Init	40	static
../Core/Src/main.c:449:6:HAL_UART_RxCpltCallback	16	static
../Core/Src/main.c:459:6:Error_Handler	8	static,ignoring_inline_asm
